python : INFO ESPHome 2026.1.5
At line:1 char:80
+ ... yContinue ; python -m esphome compile test_sequence.yaml > compile_er ...
+                 ~~~~~~~~~~~~~~~~~~~~~~~~~~~~~~~~~~~~~~~~~~~~~~~~~~~~~~~~~
    + CategoryInfo          : NotSpecified: (INFO ESPHome 2026.1.5:String) [], RemoteException
    + FullyQualifiedErrorId : NativeCommandError
 
INFO Reading configuration test_sequence.yaml...
WARNING GPIO2 is a strapping PIN and should only be used for I/O with care.
Attaching external pullup/down resistors to strapping pins can cause unexpected failures.
See https://esphome.io/guides/faq/#why-am-i-getting-a-warning-about-strapping-pins
INFO Generating C++ source...
INFO Core config or version changed, cleaning build files...
INFO Compiling app... Build path: C:\Users\effel\OneDrive\Desktop\Antigravity_projects\chimera_fx\.esphome\build\test-sequencer
Processing test-sequencer (board: esp32dev; framework: arduino, espidf; platform: https://github.com/pioarduino/platform-espressif32/releases/download/55.03.35/platform-espressif32.zip)

--------------------------------------------------------------------------------

Library Manager: Installing fastled/FastLED @ 3.9.16

INFO Installing fastled/FastLED @ 3.9.16

Unpacking  [------------------------------------]    0%
Unpacking  [------------------------------------]    1%
Unpacking  [------------------------------------]    2%
Unpacking  [#-----------------------------------]    3%
Unpacking  [#-----------------------------------]    4%
Unpacking  [#-----------------------------------]    5%
Unpacking  [##----------------------------------]    6%
Unpacking  [##----------------------------------]    7%
Unpacking  [##----------------------------------]    8%
Unpacking  [###---------------------------------]    9%
Unpacking  [###---------------------------------]   10%
Unpacking  [###---------------------------------]   11%
Unpacking  [####--------------------------------]   12%
Unpacking  [####--------------------------------]   13%
Unpacking  [#####-------------------------------]   14%
Unpacking  [#####-------------------------------]   15%
Unpacking  [#####-------------------------------]   16%
Unpacking  [######------------------------------]   17%
Unpacking  [######------------------------------]   18%
Unpacking  [######------------------------------]   19%
Unpacking  [#######-----------------------------]   20%
Unpacking  [#######-----------------------------]   21%
Unpacking  [#######-----------------------------]   22%
Unpacking  [########----------------------------]   23%
Unpacking  [########----------------------------]   24%
Unpacking  [#########---------------------------]   25%
Unpacking  [#########---------------------------]   26%
Unpacking  [#########---------------------------]   27%
Unpacking  [##########--------------------------]   28%
Unpacking  [##########--------------------------]   30%
Unpacking  [###########-------------------------]   31%
Unpacking  [###########-------------------------]   32%
Unpacking  [###########-------------------------]   33%
Unpacking  [############------------------------]   34%
Unpacking  [############------------------------]   35%
Unpacking  [############------------------------]   36%
Unpacking  [#############-----------------------]   37%
Unpacking  [#############-----------------------]   38%
Unpacking  [##############----------------------]   39%
Unpacking  [##############----------------------]   40%
Unpacking  [##############----------------------]   41%
Unpacking  [###############---------------------]   42%
Unpacking  [###############---------------------]   43%
Unpacking  [###############---------------------]   44%
Unpacking  [################--------------------]   45%
Unpacking  [################--------------------]   46%
Unpacking  [################--------------------]   47%
Unpacking  [#################-------------------]   48%
Unpacking  [#################-------------------]   49%
Unpacking  [##################------------------]   50%
Unpacking  [##################------------------]   51%
Unpacking  [##################------------------]   52%
Unpacking  [###################-----------------]   53%
Unpacking  [###################-----------------]   54%
Unpacking  [###################-----------------]   55%
Unpacking  [####################----------------]   56%
Unpacking  [####################----------------]   57%
Unpacking  [#####################---------------]   59%
Unpacking  [#####################---------------]   60%
Unpacking  [#####################---------------]   61%
Unpacking  [######################--------------]   62%
Unpacking  [######################--------------]   63%
Unpacking  [#######################-------------]   64%
Unpacking  [#######################-------------]   65%
Unpacking  [#######################-------------]   66%
Unpacking  [########################------------]   67%
Unpacking  [########################------------]   68%
Unpacking  [########################------------]   69%
Unpacking  [#########################-----------]   70%
Unpacking  [#########################-----------]   71%
Unpacking  [#########################-----------]   72%
Unpacking  [##########################----------]   73%  00:00:00
Unpacking  [##########################----------]   74%  00:00:00
Unpacking  [###########################---------]   75%  00:00:00
Unpacking  [###########################---------]   76%  00:00:00
Unpacking  [###########################---------]   77%  00:00:00
Unpacking  [############################--------]   78%  00:00:00
Unpacking  [############################--------]   79%  00:00:00
Unpacking  [############################--------]   80%  00:00:00
Unpacking  [#############################-------]   81%  00:00:00
Unpacking  [#############################-------]   82%  00:00:00
Unpacking  [#############################-------]   83%  00:00:00
Unpacking  [##############################------]   84%  00:00:00
Unpacking  [##############################------]   85%  00:00:00
Unpacking  [##############################------]   86%  00:00:00
Unpacking  [###############################-----]   87%  00:00:00
Unpacking  [###############################-----]   88%  00:00:00
Unpacking  [################################----]   89%  00:00:00
Unpacking  [################################----]   90%  00:00:00
Unpacking  [################################----]   91%  00:00:00
Unpacking  [#################################---]   92%  00:00:00
Unpacking  [#################################---]   93%  00:00:00
Unpacking  [#################################---]   94%  00:00:00
Unpacking  [##################################--]   95%  00:00:00
Unpacking  [##################################--]   96%  00:00:00
Unpacking  [##################################--]   97%  00:00:00
Unpacking  [###################################-]   98%  00:00:00
Unpacking  [###################################-]   99%  00:00:00
Unpacking  [####################################]  100%          

Library Manager: FastLED@3.9.16 has been installed!

INFO FastLED@3.9.16 has been installed!
HARDWARE: ESP32 240MHz, 320KB RAM, 4MB Flash

 - contrib-piohome @ 3.4.4 

 - framework-arduinoespressif32 @ 3.3.5 

 - framework-arduinoespressif32-libs @ 5.5.0+sha.9bb7aa84fe 

 - framework-espidf @ 3.50502.0 (5.5.2) 

 - tool-cmake @ 4.0.3 

 - tool-esp-rom-elfs @ 2024.10.11 

 - tool-esptoolpy @ 5.1.0 

 - tool-mklittlefs @ 3.2.0 

 - tool-ninja @ 1.13.1 

 - tool-scons @ 4.40801.0 (4.8.1) 

 - toolchain-xtensa-esp-elf @ 14.2.0+20251107

Reading CMake configuration...

-- Found Git: C:/Program Files/Git/cmd/git.exe (found version "2.52.0.windows.1")

-- Minimal build - OFF

-- The C compiler identification is GNU 14.2.0

-- The CXX compiler identification is GNU 14.2.0

-- The ASM compiler identification is GNU

-- Found assembler: C:/Users/effel/.platformio/packages/toolchain-xtensa-esp-elf/bin/xtensa-esp32-elf-gcc.exe

-- Detecting C compiler ABI info

-- Detecting C compiler ABI info - done

-- Check for working C compiler: C:/Users/effel/.platformio/packages/toolchain-xtensa-esp-elf/bin/xtensa-esp32-elf-gcc.exe - skipped

-- Detecting C compile features

-- Detecting C compile features - done

-- Detecting CXX compiler ABI info

-- Detecting CXX compiler ABI info - done

-- Check for working CXX compiler: C:/Users/effel/.platformio/packages/toolchain-xtensa-esp-elf/bin/xtensa-esp32-elf-g++.exe - skipped

-- Detecting CXX compile features

-- Detecting CXX compile features - done

-- Building ESP-IDF components for target esp32

NOTICE: Dependencies lock doesn't exist, solving dependencies.



NOTICE: Skipping optional dependency: espressif/esp-sr



NOTICE: Skipping optional dependency: espressif/esp_hosted



NOTICE: Skipping optional dependency: espressif/esp_wifi_remote



...........................................NOTICE: Updating lock file at 
C:\Users\effel\OneDrive\Desktop\Antigravity_projects\chimera_fx\.esphome\build\test-sequencer\dependencies.lock


NOTICE: Processing 27 dependencies:



NOTICE: [1/27] chmorgan/esp-libhelix-mp3 (1.0.3)



NOTICE: [2/27] espressif/cbor (0.6.1~4)



NOTICE: [3/27] espressif/esp-dsp (1.7.1)



NOTICE: [4/27] espressif/esp-modbus (1.0.18)



NOTICE: [5/27] espressif/esp-serial-flasher (0.0.11)



NOTICE: [6/27] espressif/esp-zboss-lib (1.6.4)



NOTICE: [7/27] espressif/esp-zigbee-lib (1.6.8)



NOTICE: [8/27] espressif/esp_diag_data_store (1.0.2)



NOTICE: [9/27] espressif/esp_diagnostics (1.2.1)



NOTICE: [10/27] espressif/esp_insights (1.2.2)



NOTICE: [11/27] espressif/esp_modem (2.0.0)



NOTICE: [12/27] espressif/esp_rainmaker (1.5.2)



NOTICE: [13/27] espressif/esp_rcp_update (1.2.0)



NOTICE: [14/27] espressif/esp_schedule (1.2.0)



NOTICE: [15/27] espressif/esp_secure_cert_mgr (2.9.1)



NOTICE: [16/27] espressif/jsmn (1.1.0)



NOTICE: [17/27] espressif/json_generator (1.1.2)



NOTICE: [18/27] espressif/json_parser (1.0.3)



NOTICE: [19/27] espressif/lan867x (2.0.0)



NOTICE: [20/27] espressif/lan86xx_common (1.0.0)



NOTICE: [21/27] espressif/libsodium (1.0.20~4)



NOTICE: [22/27] espressif/mdns (1.10.1)



NOTICE: [23/27] espressif/network_provisioning (1.0.2)



NOTICE: [24/27] espressif/qrcode (0.1.0~2)



NOTICE: [25/27] espressif/rmaker_common (1.4.6)



NOTICE: [26/27] joltwallet/littlefs (1.20.4)



NOTICE: [27/27] idf (5.5.2)



-- DEBUG: Use esp-modbus component folder: 
C:/Users/effel/OneDrive/Desktop/Antigravity_projects/chimera_fx/.esphome/build/test-sequencer/managed_components/espressif__esp-modbus.

-- ESP-TEE is currently supported only on the esp32c6;esp32h2;esp32c5 SoCs

NOTICE: Skipping optional dependency: espressif/esp-sr



NOTICE: Skipping optional dependency: espressif/esp_hosted



NOTICE: Skipping optional dependency: espressif/esp_wifi_remote



-- Project sdkconfig file C:/Users/effel/OneDrive/Desktop/Antigravity_projects/chimera_fx/.esphome/build/test-sequencer/sdkconfig.test-sequencer

C:/Users/effel/OneDrive/Desktop/Antigravity_projects/chimera_fx/.esphome/build/test-sequencer/sdkconfig.test-sequencer:2 CONFIG_COMPILER_OPTIMIZATION_DEFAULT 
was replaced with CONFIG_COMPILER_OPTIMIZATION_DEBUG 



C:/Users/effel/OneDrive/Desktop/Antigravity_projects/chimera_fx/.esphome/build/test-sequencer/sdkconfig.test-sequencer:9 CONFIG_ESP_TASK_WDT was replaced with 
CONFIG_ESP_TASK_WDT_INIT 



-- Compiler supported targets: xtensa-esp-elf

-- Found Python3: C:/Users/effel/.platformio/penv/.espidf-5.5.2/Scripts/python.exe (found version "3.13.3") found components: Interpreter

-- Performing Test CMAKE_HAVE_LIBC_PTHREAD

-- Performing Test CMAKE_HAVE_LIBC_PTHREAD - Success

-- Found Threads: TRUE

-- Performing Test C_COMPILER_SUPPORTS_WFORMAT_SIGNEDNESS

-- Performing Test C_COMPILER_SUPPORTS_WFORMAT_SIGNEDNESS - Success

-- USING O3

-- App "test-sequencer" version: 2026.1.5

-- Adding linker script 
C:/Users/effel/OneDrive/Desktop/Antigravity_projects/chimera_fx/.esphome/build/test-sequencer/.pioenvs/test-sequencer/esp-idf/esp_system/ld/memory.ld

-- Adding linker script 
C:/Users/effel/OneDrive/Desktop/Antigravity_projects/chimera_fx/.esphome/build/test-sequencer/.pioenvs/test-sequencer/esp-idf/esp_system/ld/sections.ld.in

-- Adding linker script C:/Users/effel/.platformio/packages/framework-espidf/components/esp_rom/esp32/ld/esp32.rom.ld

-- Adding linker script C:/Users/effel/.platformio/packages/framework-espidf/components/esp_rom/esp32/ld/esp32.rom.api.ld

-- Adding linker script C:/Users/effel/.platformio/packages/framework-espidf/components/esp_rom/esp32/ld/esp32.rom.libgcc.ld

-- Adding linker script C:/Users/effel/.platformio/packages/framework-espidf/components/esp_rom/esp32/ld/esp32.rom.newlib-data.ld

-- Adding linker script C:/Users/effel/.platformio/packages/framework-espidf/components/esp_rom/esp32/ld/esp32.rom.syscalls.ld

-- Adding linker script C:/Users/effel/.platformio/packages/framework-espidf/components/esp_rom/esp32/ld/esp32.rom.libc-funcs.ld

-- Adding linker script C:/Users/effel/.platformio/packages/framework-espidf/components/esp_rom/esp32/ld/esp32.rom.newlib-reent-funcs.ld

-- Adding linker script C:/Users/effel/.platformio/packages/framework-espidf/components/soc/esp32/ld/esp32.peripherals.ld

-- DEBUG: Use esp-modbus component folder: 
C:/Users/effel/OneDrive/Desktop/Antigravity_projects/chimera_fx/.esphome/build/test-sequencer/managed_components/espressif__esp-modbus.

-- Components: __pio_env app_trace app_update bootloader bootloader_support bt chmorgan__esp-libhelix-mp3 cmock console cxx driver efuse esp-tls esp_adc 
esp_app_format esp_bootloader_format esp_coex esp_common esp_driver_ana_cmpr esp_driver_bitscrambler esp_driver_cam esp_driver_dac esp_driver_gpio 
esp_driver_gptimer esp_driver_i2c esp_driver_i2s esp_driver_isp esp_driver_jpeg esp_driver_ledc esp_driver_mcpwm esp_driver_parlio esp_driver_pcnt 
esp_driver_ppa esp_driver_rmt esp_driver_sdio esp_driver_sdm esp_driver_sdmmc esp_driver_sdspi esp_driver_spi esp_driver_touch_sens esp_driver_tsens 
esp_driver_twai esp_driver_uart esp_driver_usb_serial_jtag esp_eth esp_event esp_gdbstub esp_hid esp_http_client esp_http_server esp_https_ota esp_https_server 
esp_hw_support esp_lcd esp_local_ctrl esp_mm esp_netif esp_netif_stack esp_partition esp_phy esp_pm esp_psram esp_ringbuf esp_rom esp_security esp_system 
esp_timer esp_vfs_console esp_wifi espcoredump espressif__cbor espressif__esp-dsp espressif__esp-modbus espressif__esp-serial-flasher espressif__esp-zboss-lib 
espressif__esp-zigbee-lib espressif__esp_diag_data_store espressif__esp_diagnostics espressif__esp_insights espressif__esp_modem espressif__esp_rainmaker 
espressif__esp_rcp_update espressif__esp_schedule espressif__esp_secure_cert_mgr espressif__jsmn espressif__json_generator espressif__json_parser 
espressif__lan867x espressif__lan86xx_common espressif__libsodium espressif__mdns espressif__network_provisioning espressif__qrcode espressif__rmaker_common 
esptool_py fatfs framework-arduinoespressif32 freertos hal heap http_parser idf_test ieee802154 joltwallet__littlefs json log lwip mbedtls mqtt newlib 
nvs_flash nvs_sec_provider openthread partition_table perfmon protobuf-c protocomm pthread rt sdmmc soc spi_flash spiffs src tcp_transport ulp unity usb vfs 
wear_levelling wifi_provisioning wpa_supplicant xtensa

-- Component paths: C:/Users/effel/.platformio/packages/framework-espidf/components/__pio_env 
C:/Users/effel/.platformio/packages/framework-espidf/components/app_trace C:/Users/effel/.platformio/packages/framework-espidf/components/app_update 
C:/Users/effel/.platformio/packages/framework-espidf/components/bootloader C:/Users/effel/.platformio/packages/framework-espidf/components/bootloader_support 
C:/Users/effel/.platformio/packages/framework-espidf/components/bt 
C:/Users/effel/OneDrive/Desktop/Antigravity_projects/chimera_fx/.esphome/build/test-sequencer/managed_components/chmorgan__esp-libhelix-mp3 
C:/Users/effel/.platformio/packages/framework-espidf/components/cmock C:/Users/effel/.platformio/packages/framework-espidf/components/console 
C:/Users/effel/.platformio/packages/framework-espidf/components/cxx C:/Users/effel/.platformio/packages/framework-espidf/components/driver 
C:/Users/effel/.platformio/packages/framework-espidf/components/efuse C:/Users/effel/.platformio/packages/framework-espidf/components/esp-tls 
C:/Users/effel/.platformio/packages/framework-espidf/components/esp_adc C:/Users/effel/.platformio/packages/framework-espidf/components/esp_app_format 
C:/Users/effel/.platformio/packages/framework-espidf/components/esp_bootloader_format C:/Users/effel/.platformio/packages/framework-espidf/components/esp_coex 
C:/Users/effel/.platformio/packages/framework-espidf/components/esp_common C:/Users/effel/.platformio/packages/framework-espidf/components/esp_driver_ana_cmpr 
C:/Users/effel/.platformio/packages/framework-espidf/components/esp_driver_bitscrambler 
C:/Users/effel/.platformio/packages/framework-espidf/components/esp_driver_cam C:/Users/effel/.platformio/packages/framework-espidf/components/esp_driver_dac 
C:/Users/effel/.platformio/packages/framework-espidf/components/esp_driver_gpio 
C:/Users/effel/.platformio/packages/framework-espidf/components/esp_driver_gptimer 
C:/Users/effel/.platformio/packages/framework-espidf/components/esp_driver_i2c C:/Users/effel/.platformio/packages/framework-espidf/components/esp_driver_i2s 
C:/Users/effel/.platformio/packages/framework-espidf/components/esp_driver_isp C:/Users/effel/.platformio/packages/framework-espidf/components/esp_driver_jpeg 
C:/Users/effel/.platformio/packages/framework-espidf/components/esp_driver_ledc 
C:/Users/effel/.platformio/packages/framework-espidf/components/esp_driver_mcpwm 
C:/Users/effel/.platformio/packages/framework-espidf/components/esp_driver_parlio 
C:/Users/effel/.platformio/packages/framework-espidf/components/esp_driver_pcnt C:/Users/effel/.platformio/packages/framework-espidf/components/esp_driver_ppa 
C:/Users/effel/.platformio/packages/framework-espidf/components/esp_driver_rmt C:/Users/effel/.platformio/packages/framework-espidf/components/esp_driver_sdio 
C:/Users/effel/.platformio/packages/framework-espidf/components/esp_driver_sdm C:/Users/effel/.platformio/packages/framework-espidf/components/esp_driver_sdmmc 
C:/Users/effel/.platformio/packages/framework-espidf/components/esp_driver_sdspi C:/Users/effel/.platformio/packages/framework-espidf/components/esp_driver_spi 
C:/Users/effel/.platformio/packages/framework-espidf/components/esp_driver_touch_sens 
C:/Users/effel/.platformio/packages/framework-espidf/components/esp_driver_tsens 
C:/Users/effel/.platformio/packages/framework-espidf/components/esp_driver_twai C:/Users/effel/.platformio/packages/framework-espidf/components/esp_driver_uart 
C:/Users/effel/.platformio/packages/framework-espidf/components/esp_driver_usb_serial_jtag 
C:/Users/effel/.platformio/packages/framework-espidf/components/esp_eth C:/Users/effel/.platformio/packages/framework-espidf/components/esp_event 
C:/Users/effel/.platformio/packages/framework-espidf/components/esp_gdbstub C:/Users/effel/.platformio/packages/framework-espidf/components/esp_hid 
C:/Users/effel/.platformio/packages/framework-espidf/components/esp_http_client C:/Users/effel/.platformio/packages/framework-espidf/components/esp_http_server 
C:/Users/effel/.platformio/packages/framework-espidf/components/esp_https_ota C:/Users/effel/.platformio/packages/framework-espidf/components/esp_https_server 
C:/Users/effel/.platformio/packages/framework-espidf/components/esp_hw_support C:/Users/effel/.platformio/packages/framework-espidf/components/esp_lcd 
C:/Users/effel/.platformio/packages/framework-espidf/components/esp_local_ctrl C:/Users/effel/.platformio/packages/framework-espidf/components/esp_mm 
C:/Users/effel/.platformio/packages/framework-espidf/components/esp_netif C:/Users/effel/.platformio/packages/framework-espidf/components/esp_netif_stack 
C:/Users/effel/.platformio/packages/framework-espidf/components/esp_partition C:/Users/effel/.platformio/packages/framework-espidf/components/esp_phy 
C:/Users/effel/.platformio/packages/framework-espidf/components/esp_pm C:/Users/effel/.platformio/packages/framework-espidf/components/esp_psram 
C:/Users/effel/.platformio/packages/framework-espidf/components/esp_ringbuf C:/Users/effel/.platformio/packages/framework-espidf/components/esp_rom 
C:/Users/effel/.platformio/packages/framework-espidf/components/esp_security C:/Users/effel/.platformio/packages/framework-espidf/components/esp_system 
C:/Users/effel/.platformio/packages/framework-espidf/components/esp_timer C:/Users/effel/.platformio/packages/framework-espidf/components/esp_vfs_console 
C:/Users/effel/.platformio/packages/framework-espidf/components/esp_wifi C:/Users/effel/.platformio/packages/framework-espidf/components/espcoredump 
C:/Users/effel/OneDrive/Desktop/Antigravity_projects/chimera_fx/.esphome/build/test-sequencer/managed_components/espressif__cbor 
C:/Users/effel/OneDrive/Desktop/Antigravity_projects/chimera_fx/.esphome/build/test-sequencer/managed_components/espressif__esp-dsp 
C:/Users/effel/OneDrive/Desktop/Antigravity_projects/chimera_fx/.esphome/build/test-sequencer/managed_components/espressif__esp-modbus 
C:/Users/effel/OneDrive/Desktop/Antigravity_projects/chimera_fx/.esphome/build/test-sequencer/managed_components/espressif__esp-serial-flasher 
C:/Users/effel/OneDrive/Desktop/Antigravity_projects/chimera_fx/.esphome/build/test-sequencer/managed_components/espressif__esp-zboss-lib 
C:/Users/effel/OneDrive/Desktop/Antigravity_projects/chimera_fx/.esphome/build/test-sequencer/managed_components/espressif__esp-zigbee-lib 
C:/Users/effel/OneDrive/Desktop/Antigravity_projects/chimera_fx/.esphome/build/test-sequencer/managed_components/espressif__esp_diag_data_store 
C:/Users/effel/OneDrive/Desktop/Antigravity_projects/chimera_fx/.esphome/build/test-sequencer/managed_components/espressif__esp_diagnostics 
C:/Users/effel/OneDrive/Desktop/Antigravity_projects/chimera_fx/.esphome/build/test-sequencer/managed_components/espressif__esp_insights 
C:/Users/effel/OneDrive/Desktop/Antigravity_projects/chimera_fx/.esphome/build/test-sequencer/managed_components/espressif__esp_modem 
C:/Users/effel/OneDrive/Desktop/Antigravity_projects/chimera_fx/.esphome/build/test-sequencer/managed_components/espressif__esp_rainmaker 
C:/Users/effel/OneDrive/Desktop/Antigravity_projects/chimera_fx/.esphome/build/test-sequencer/managed_components/espressif__esp_rcp_update 
C:/Users/effel/OneDrive/Desktop/Antigravity_projects/chimera_fx/.esphome/build/test-sequencer/managed_components/espressif__esp_schedule 
C:/Users/effel/OneDrive/Desktop/Antigravity_projects/chimera_fx/.esphome/build/test-sequencer/managed_components/espressif__esp_secure_cert_mgr 
C:/Users/effel/OneDrive/Desktop/Antigravity_projects/chimera_fx/.esphome/build/test-sequencer/managed_components/espressif__jsmn 
C:/Users/effel/OneDrive/Desktop/Antigravity_projects/chimera_fx/.esphome/build/test-sequencer/managed_components/espressif__json_generator 
C:/Users/effel/OneDrive/Desktop/Antigravity_projects/chimera_fx/.esphome/build/test-sequencer/managed_components/espressif__json_parser 
C:/Users/effel/OneDrive/Desktop/Antigravity_projects/chimera_fx/.esphome/build/test-sequencer/managed_components/espressif__lan867x 
C:/Users/effel/OneDrive/Desktop/Antigravity_projects/chimera_fx/.esphome/build/test-sequencer/managed_components/espressif__lan86xx_common 
C:/Users/effel/OneDrive/Desktop/Antigravity_projects/chimera_fx/.esphome/build/test-sequencer/managed_components/espressif__libsodium 
C:/Users/effel/OneDrive/Desktop/Antigravity_projects/chimera_fx/.esphome/build/test-sequencer/managed_components/espressif__mdns 
C:/Users/effel/OneDrive/Desktop/Antigravity_projects/chimera_fx/.esphome/build/test-sequencer/managed_components/espressif__network_provisioning 
C:/Users/effel/OneDrive/Desktop/Antigravity_projects/chimera_fx/.esphome/build/test-sequencer/managed_components/espressif__qrcode 
C:/Users/effel/OneDrive/Desktop/Antigravity_projects/chimera_fx/.esphome/build/test-sequencer/managed_components/espressif__rmaker_common 
C:/Users/effel/.platformio/packages/framework-espidf/components/esptool_py C:/Users/effel/.platformio/packages/framework-espidf/components/fatfs 
C:/Users/effel/.platformio/packages/framework-arduinoespressif32 C:/Users/effel/.platformio/packages/framework-espidf/components/freertos 
C:/Users/effel/.platformio/packages/framework-espidf/components/hal C:/Users/effel/.platformio/packages/framework-espidf/components/heap 
C:/Users/effel/.platformio/packages/framework-espidf/components/http_parser C:/Users/effel/.platformio/packages/framework-espidf/components/idf_test 
C:/Users/effel/.platformio/packages/framework-espidf/components/ieee802154 
C:/Users/effel/OneDrive/Desktop/Antigravity_projects/chimera_fx/.esphome/build/test-sequencer/managed_components/joltwallet__littlefs 
C:/Users/effel/.platformio/packages/framework-espidf/components/json C:/Users/effel/.platformio/packages/framework-espidf/components/log 
C:/Users/effel/.platformio/packages/framework-espidf/components/lwip C:/Users/effel/.platformio/packages/framework-espidf/components/mbedtls 
C:/Users/effel/.platformio/packages/framework-espidf/components/mqtt C:/Users/effel/.platformio/packages/framework-espidf/components/newlib 
C:/Users/effel/.platformio/packages/framework-espidf/components/nvs_flash C:/Users/effel/.platformio/packages/framework-espidf/components/nvs_sec_provider 
C:/Users/effel/.platformio/packages/framework-espidf/components/openthread C:/Users/effel/.platformio/packages/framework-espidf/components/partition_table 
C:/Users/effel/.platformio/packages/framework-espidf/components/perfmon C:/Users/effel/.platformio/packages/framework-espidf/components/protobuf-c 
C:/Users/effel/.platformio/packages/framework-espidf/components/protocomm C:/Users/effel/.platformio/packages/framework-espidf/components/pthread 
C:/Users/effel/.platformio/packages/framework-espidf/components/rt C:/Users/effel/.platformio/packages/framework-espidf/components/sdmmc 
C:/Users/effel/.platformio/packages/framework-espidf/components/soc C:/Users/effel/.platformio/packages/framework-espidf/components/spi_flash 
C:/Users/effel/.platformio/packages/framework-espidf/components/spiffs 
C:/Users/effel/OneDrive/Desktop/Antigravity_projects/chimera_fx/.esphome/build/test-sequencer/src 
C:/Users/effel/.platformio/packages/framework-espidf/components/tcp_transport C:/Users/effel/.platformio/packages/framework-espidf/components/ulp 
C:/Users/effel/.platformio/packages/framework-espidf/components/unity C:/Users/effel/.platformio/packages/framework-espidf/components/usb 
C:/Users/effel/.platformio/packages/framework-espidf/components/vfs C:/Users/effel/.platformio/packages/framework-espidf/components/wear_levelling 
C:/Users/effel/.platformio/packages/framework-espidf/components/wifi_provisioning 
C:/Users/effel/.platformio/packages/framework-espidf/components/wpa_supplicant C:/Users/effel/.platformio/packages/framework-espidf/components/xtensa

-- Configuring incomplete, errors occurred!



CMake Error at .pioenvs/test-sequencer/CMakeFiles/git-data/grabRef.cmake:48 (file):

  file failed to open for reading (No such file or directory):



    C:/Users/effel/OneDrive/Desktop/Antigravity_projects/chimera_fx/.esphome/build/test-sequencer/.pioenvs/test-sequencer/CMakeFiles/git-data/head-ref

Call Stack (most recent call first):

  C:/Users/effel/.platformio/packages/framework-espidf/tools/cmake/third_party/GetGitRevisionDescription.cmake:83 (include)

  C:/Users/effel/.platformio/packages/framework-espidf/tools/cmake/third_party/GetGitRevisionDescription.cmake:93 (get_git_head_revision)

  C:/Users/effel/.platformio/packages/framework-espidf/tools/cmake/build.cmake:99 (git_describe)

  C:/Users/effel/.platformio/packages/framework-espidf/tools/cmake/build.cmake:282 (__build_get_idf_git_revision)

  C:/Users/effel/.platformio/packages/framework-espidf/tools/cmake/idf.cmake:55 (__build_init)

  C:/Users/effel/.platformio/packages/framework-espidf/tools/cmake/project.cmake:29 (include)

  CMakeLists.txt:2 (include)





warning: user value 0 on the int symbol LWIP_BRIDGEIF_MAX_PORTS (defined at C:/Users/effel/.platformio/packages/framework-espidf/components/lwip/Kconfig:1236) 
ignored due to being outside the active range ([1, 63]) -- falling back on defaults



fatal: Needed a single revision

fatal: Needed a single revision

ESP Insights Project commit: v1.3.1-127-gb10da1e-dirty

CMake Deprecation Warning at managed_components/espressif__esp-serial-flasher/CMakeLists.txt:1 (cmake_minimum_required):

  Compatibility with CMake < 3.10 will be removed from a future version of

  CMake.



  Update the VERSION argument <min> value.  Or, use the <min>...<max> syntax

  to tell CMake that the project requires at least <min> but has been updated

  to work with policies introduced by <max> or earlier.





ESP RainMaker Project commit: v1.3.1-127-gb10da1e-dirty



========================= [FAILED] Took 73.01 seconds =========================

